test big heap of integers from list ok
test big heap of integers to list ok
