test big map of integers added in order ok
test big map of integers added out of order ok
