test powers ok
test roots ok
test powered roots ok
