literals
42
0.5

ints
12
12
12
12
12
-30

doubles
0.75
0.5
0.2
1.5
2.5

mixed
20.2
9.9
6
1.7

other
-30
2
7
2.34
32
