test true ok
test false ok
test not ok
test xor ok
