test equivalent numbers ok
test equivalent strings ok
test equivalent arrays ok
test equivalent tuples ok
test equivalent cons ok
test equivalent funs ok
test equivalent refs ok
test equivalent syms ok
