test hash string ok
test hash integer ok
test hash strings and integers ok
