Spiral
test str-len ok
test str-get ok
test str-cat-... ok
test stringify number ok
test stringify string ok
test stringify array ok
