test success ok
test failure failed:
  expected true
  expected false, got 42
  expected == 10 20
  expected near == 10 11
  expected eqv a b
  expected equal (a . b) (b . a)
