test tuple? ok
test tuple-len ok
test tuple-n? ok
test get-... ok
