(tuple-0)
(tuple-1 10)
(tuple-2 10 20)
(tuple-8 1 2 3 4 5 6 7 8)
20
2
3
3
true
false
true
false
false
true
3
